/home/ucloud/miniforge3/envs/graph-hrm/lib/python3.12/site-packages/transformers/modeling_rope_utils.py:1036: FutureWarning: `rope_config_validation` is deprecated and has been removed. Its functionality has been moved to RotaryEmbeddingConfigMixin.validate_rope method. PreTrainedConfig inherits this class, so please call self.validate_rope() instead. Also, make sure to use the new rope_parameters syntax. You can call self.standardize_rope_params() in the meantime.
  warnings.warn(
[transformers] `layer_type_validation` is deprecated and will be removed in v5.20. Use `PreTrainedConfig.validate_layer_type` instead
[transformers] `layer_type_validation` is deprecated and will be removed in v5.20. Use `PreTrainedConfig.validate_layer_type` instead
[transformers] `layer_type_validation` is deprecated and will be removed in v5.20. Use `PreTrainedConfig.validate_layer_type` instead
[transformers] `layer_type_validation` is deprecated and will be removed in v5.20. Use `PreTrainedConfig.validate_layer_type` instead
[transformers] `layer_type_validation` is deprecated and will be removed in v5.20. Use `PreTrainedConfig.validate_layer_type` instead
[transformers] `layer_type_validation` is deprecated and will be removed in v5.20. Use `PreTrainedConfig.validate_layer_type` instead
Warning: No pad_token found for ByteDance/Ouro-1.4B, setting pad_token to eos_token (<|endoftext|>)
Loading weights:   0%|          | 0/269 [00:00<?, ?it/s]Loading weights: 100%|██████████| 269/269 [00:00<00:00, 7456.47it/s]
/home/ucloud/miniforge3/envs/graph-hrm/lib/python3.12/site-packages/lightning_fabric/plugins/environments/slurm.py:204: The `srun` command is available on your system but is not used. HINT: If your intention is to run Lightning on SLURM, prepend your python command with `srun` like so: srun python runner.py --config-name=baseline_1b dataset.test_typ ...
Using bfloat16 Automatic Mixed Precision (AMP)
GPU available: True (cuda), used: True
TPU available: False, using: 0 TPU cores
💡 Tip: For seamless cloud logging and experiment tracking, try installing [litlogger](https://pypi.org/project/litlogger/) to enable LitLogger, which logs metrics and artifacts automatically to the Lightning Experiments platform.
`Trainer(val_check_interval=1.0)` was configured so validation will run at the end of the training epoch..
You are using a CUDA device ('NVIDIA RTX PRO 6000 Blackwell Server Edition') that has Tensor Cores. To properly utilize them, you should set `torch.set_float32_matmul_precision('medium' | 'high')` which will trade-off precision for performance. For more details, read https://pytorch.org/docs/stable/generated/torch.set_float32_matmul_precision.html#torch.set_float32_matmul_precision
wandb: WARNING The anonymous setting has no effect and will be removed in a future version.
wandb: [wandb.login()] Loaded credentials for https://api.wandb.ai from /home/ucloud/.netrc.
wandb: Currently logged in as: m-ortega (m-ortega-p-le-l-onard-de-vinci) to https://api.wandb.ai. Use `wandb login --relogin` to force relogin
wandb: WARNING Using a boolean value for 'reinit' is deprecated. Use 'return_previous' or 'finish_previous' instead.
wandb: setting up run dv0vxans
wandb: Tracking run with wandb version 0.28.0
wandb: Run data is saved locally in wandb/run-20260928_171255-dv0vxans
wandb: Run `wandb offline` to turn off syncing.
wandb: Syncing run baseline-1b-ouro-1.4b-id
wandb: ⭐️ View project at https://wandb.ai/m-ortega-p-le-l-onard-de-vinci/Meta-ICL
wandb: 🚀 View run at https://wandb.ai/m-ortega-p-le-l-onard-de-vinci/Meta-ICL/runs/dv0vxans
LOCAL_RANK: 0 - CUDA_VISIBLE_DEVICES: [0]
/home/ucloud/miniforge3/envs/graph-hrm/lib/python3.12/site-packages/pytorch_lightning/utilities/model_summary/model_summary.py:242: Precision bf16-mixed is not supported by the model summary.  Estimated model size in MB will not be accurate. Using 32 bits instead.
┏━━━┳━━━━━━━┳━━━━━━━━━━━━━━━━━┳━━━━━━━━┳━━━━━━━┳━━━━━━━┓
┃   ┃ Name  ┃ Type            ┃ Params ┃ Mode  ┃ FLOPs ┃
┡━━━╇━━━━━━━╇━━━━━━━━━━━━━━━━━╇━━━━━━━━╇━━━━━━━╇━━━━━━━┩
│ 0 │ model │ OuroForCausalLM │  1.4 B │ train │     0 │
└───┴───────┴─────────────────┴────────┴───────┴───────┘
Trainable params: 1.4 B                                                         
Non-trainable params: 0                                                         
Total params: 1.4 B                                                             
Total estimated model params size (MB): 5,738.611                               
Modules in train mode: 368                                                      
Modules in eval mode: 0                                                         
Total FLOPs: 0                                                                  
/home/ucloud/miniforge3/envs/graph-hrm/lib/python3.12/site-packages/pytorch_lightning/utilities/_pytree.py:21: `isinstance(treespec, LeafSpec)` is deprecated, use `isinstance(treespec, TreeSpec) and treespec.is_leaf()` instead.
/home/ucloud/miniforge3/envs/graph-hrm/lib/python3.12/site-packages/pytorch_lightning/utilities/data.py:79: Trying to infer the `batch_size` from an ambiguous collection. The batch size we found is 8. To avoid any miscalculations, use `self.log(..., batch_size=batch_size)`.
[val] epoch 0 | task=ConnectedNodes | exact_match=0.0000 (0/2) | exact_match_str=0.0000 | exact_match_norm=1.0000 | set_f1=1.0000 | hits@1=1.0000 | baseline=0.0000
[val] epoch 0 | task=CycleCheck | exact_match=0.0000 (0/2) | exact_match_str=0.0000 | exact_match_norm=0.0000 | set_f1=0.0000 | hits@1=0.0000 | baseline=0.0000
[val] epoch 0 | task=DisconnectedNodes | exact_match=0.0000 (0/2) | exact_match_str=0.0000 | exact_match_norm=0.0000 | set_f1=0.0000 | hits@1=0.0000 | baseline=0.0000
[val] epoch 0 | task=EdgeCount | exact_match=0.0000 (0/3) | exact_match_str=0.0000 | exact_match_norm=0.0000 | set_f1=0.0000 | hits@1=0.0000 | baseline=0.0000
[val] epoch 0 | task=EdgeExistence | exact_match=0.0000 (0/2) | exact_match_str=0.0000 | exact_match_norm=0.0000 | set_f1=0.0000 | hits@1=0.0000 | baseline=0.0000
[val] epoch 0 | task=MaximumFlow | exact_match=0.0000 (0/1) | exact_match_str=0.0000 | exact_match_norm=1.0000 | set_f1=1.0000 | hits@1=1.0000 | baseline=0.0000
[val] epoch 0 | task=NodeCount | exact_match=0.0000 (0/1) | exact_match_str=0.0000 | exact_match_norm=0.0000 | set_f1=0.0000 | hits@1=0.0000 | baseline=0.0000
[val] epoch 0 | task=Reachability | exact_match=0.0000 (0/2) | exact_match_str=0.0000 | exact_match_norm=1.0000 | set_f1=1.0000 | hits@1=1.0000 | baseline=0.0000
[val] epoch 0 | task=ShortestPath | exact_match=0.0000 (0/1) | exact_match_str=0.0000 | exact_match_norm=1.0000 | set_f1=1.0000 | hits@1=1.0000 | baseline=0.0000
[val] epoch 0 | task=ALL | exact_match=0.0000 (0/16) | exact_match_str=0.0000 | exact_match_norm=0.3750 | set_f1=0.3750 | hits@1=0.3750
/home/ucloud/miniforge3/envs/graph-hrm/lib/python3.12/site-packages/pytorch_lightning/utilities/data.py:79: Trying to infer the `batch_size` from an ambiguous collection. The batch size we found is 1. To avoid any miscalculations, use `self.log(..., batch_size=batch_size)`.
[val] epoch 0 | task=ConnectedNodes | exact_match=0.7949 (31/39) | exact_match_str=0.7949 | exact_match_norm=0.7949 | set_f1=0.7949 | hits@1=0.7949 | baseline=0.2051
[val] epoch 0 | task=CycleCheck | exact_match=1.0000 (39/39) | exact_match_str=1.0000 | exact_match_norm=1.0000 | set_f1=1.0000 | hits@1=1.0000 | baseline=0.6923
[val] epoch 0 | task=DisconnectedNodes | exact_match=0.2162 (8/37) | exact_match_str=0.2162 | exact_match_norm=0.4054 | set_f1=0.4054 | hits@1=0.4054 | baseline=0.1892
[val] epoch 0 | task=EdgeCount | exact_match=0.3103 (9/29) | exact_match_str=0.3103 | exact_match_norm=0.3103 | set_f1=0.3103 | hits@1=0.3103 | baseline=0.1034
[val] epoch 0 | task=EdgeExistence | exact_match=0.9643 (27/28) | exact_match_str=0.9643 | exact_match_norm=0.9643 | set_f1=0.9643 | hits@1=0.9643 | baseline=0.5714
[val] epoch 0 | task=MaximumFlow | exact_match=0.2000 (7/35) | exact_match_str=0.2000 | exact_match_norm=0.2000 | set_f1=0.2000 | hits@1=0.2000 | baseline=0.1429
[val] epoch 0 | task=NodeCount | exact_match=1.0000 (37/37) | exact_match_str=1.0000 | exact_match_norm=1.0000 | set_f1=1.0000 | hits@1=1.0000 | baseline=0.1892
[val] epoch 0 | task=NodeDegree | exact_match=0.7143 (30/42) | exact_match_str=0.7143 | exact_match_norm=0.7143 | set_f1=0.7143 | hits@1=0.7143 | baseline=0.3571
[val] epoch 0 | task=Reachability | exact_match=1.0000 (25/25) | exact_match_str=1.0000 | exact_match_norm=1.0000 | set_f1=1.0000 | hits@1=1.0000 | baseline=1.0000
[val] epoch 0 | task=ShortestPath | exact_match=0.6970 (23/33) | exact_match_str=0.6970 | exact_match_norm=0.6970 | set_f1=0.6970 | hits@1=0.6970 | baseline=0.4242
[val] epoch 0 | task=TriangleCounting | exact_match=0.3659 (15/41) | exact_match_str=0.3659 | exact_match_norm=0.3659 | set_f1=0.3659 | hits@1=0.3659 | baseline=0.2683
[val] epoch 0 | task=ALL | exact_match=0.6519 (251/385) | exact_match_str=0.6519 | exact_match_norm=0.6701 | set_f1=0.6701 | hits@1=0.6701
[val] epoch 1 | task=ConnectedNodes | exact_match=0.7436 (29/39) | exact_match_str=0.7436 | exact_match_norm=0.7436 | set_f1=0.7436 | hits@1=0.7436 | baseline=0.2051
[val] epoch 1 | task=CycleCheck | exact_match=0.9744 (38/39) | exact_match_str=0.9744 | exact_match_norm=0.9744 | set_f1=0.9744 | hits@1=0.9744 | baseline=0.6923
[val] epoch 1 | task=DisconnectedNodes | exact_match=0.3784 (14/37) | exact_match_str=0.3784 | exact_match_norm=0.4595 | set_f1=0.4595 | hits@1=0.4595 | baseline=0.1892
[val] epoch 1 | task=EdgeCount | exact_match=0.5172 (15/29) | exact_match_str=0.5172 | exact_match_norm=0.5172 | set_f1=0.5172 | hits@1=0.5172 | baseline=0.1034
[val] epoch 1 | task=EdgeExistence | exact_match=0.8571 (24/28) | exact_match_str=0.8571 | exact_match_norm=0.8571 | set_f1=0.8571 | hits@1=0.8571 | baseline=0.5714
[val] epoch 1 | task=MaximumFlow | exact_match=0.1429 (5/35) | exact_match_str=0.1429 | exact_match_norm=0.1429 | set_f1=0.1429 | hits@1=0.1429 | baseline=0.1429
[val] epoch 1 | task=NodeCount | exact_match=1.0000 (37/37) | exact_match_str=1.0000 | exact_match_norm=1.0000 | set_f1=1.0000 | hits@1=1.0000 | baseline=0.1892
[val] epoch 1 | task=NodeDegree | exact_match=0.6429 (27/42) | exact_match_str=0.6429 | exact_match_norm=0.6429 | set_f1=0.6429 | hits@1=0.6429 | baseline=0.3571
[val] epoch 1 | task=Reachability | exact_match=1.0000 (25/25) | exact_match_str=1.0000 | exact_match_norm=1.0000 | set_f1=1.0000 | hits@1=1.0000 | baseline=1.0000
[val] epoch 1 | task=ShortestPath | exact_match=0.5758 (19/33) | exact_match_str=0.5758 | exact_match_norm=0.5758 | set_f1=0.5758 | hits@1=0.5758 | baseline=0.4242
[val] epoch 1 | task=TriangleCounting | exact_match=0.3659 (15/41) | exact_match_str=0.3659 | exact_match_norm=0.3659 | set_f1=0.3659 | hits@1=0.3659 | baseline=0.2683
[val] epoch 1 | task=ALL | exact_match=0.6442 (248/385) | exact_match_str=0.6442 | exact_match_norm=0.6519 | set_f1=0.6519 | hits@1=0.6519
[val] epoch 2 | task=ConnectedNodes | exact_match=0.8462 (33/39) | exact_match_str=0.8462 | exact_match_norm=0.8718 | set_f1=0.8718 | hits@1=0.8718 | baseline=0.2051
[val] epoch 2 | task=CycleCheck | exact_match=1.0000 (39/39) | exact_match_str=1.0000 | exact_match_norm=1.0000 | set_f1=1.0000 | hits@1=1.0000 | baseline=0.6923
[val] epoch 2 | task=DisconnectedNodes | exact_match=0.3784 (14/37) | exact_match_str=0.3784 | exact_match_norm=0.4595 | set_f1=0.4595 | hits@1=0.4595 | baseline=0.1892
[val] epoch 2 | task=EdgeCount | exact_match=0.5172 (15/29) | exact_match_str=0.5172 | exact_match_norm=0.5172 | set_f1=0.5172 | hits@1=0.5172 | baseline=0.1034
[val] epoch 2 | task=EdgeExistence | exact_match=1.0000 (28/28) | exact_match_str=1.0000 | exact_match_norm=1.0000 | set_f1=1.0000 | hits@1=1.0000 | baseline=0.5714
[val] epoch 2 | task=MaximumFlow | exact_match=0.1429 (5/35) | exact_match_str=0.1429 | exact_match_norm=0.1429 | set_f1=0.1429 | hits@1=0.1429 | baseline=0.1429
[val] epoch 2 | task=NodeCount | exact_match=1.0000 (37/37) | exact_match_str=1.0000 | exact_match_norm=1.0000 | set_f1=1.0000 | hits@1=1.0000 | baseline=0.1892
[val] epoch 2 | task=NodeDegree | exact_match=0.6667 (28/42) | exact_match_str=0.6667 | exact_match_norm=0.6667 | set_f1=0.6667 | hits@1=0.6667 | baseline=0.3571
[val] epoch 2 | task=Reachability | exact_match=1.0000 (25/25) | exact_match_str=1.0000 | exact_match_norm=1.0000 | set_f1=1.0000 | hits@1=1.0000 | baseline=1.0000
[val] epoch 2 | task=ShortestPath | exact_match=0.6667 (22/33) | exact_match_str=0.6667 | exact_match_norm=0.6667 | set_f1=0.6667 | hits@1=0.6667 | baseline=0.4242
[val] epoch 2 | task=TriangleCounting | exact_match=0.3902 (16/41) | exact_match_str=0.3902 | exact_match_norm=0.3902 | set_f1=0.3902 | hits@1=0.3902 | baseline=0.2683
[val] epoch 2 | task=ALL | exact_match=0.6805 (262/385) | exact_match_str=0.6805 | exact_match_norm=0.6909 | set_f1=0.6909 | hits@1=0.6909
[val] epoch 3 | task=ConnectedNodes | exact_match=0.8205 (32/39) | exact_match_str=0.8205 | exact_match_norm=0.8462 | set_f1=0.8462 | hits@1=0.8462 | baseline=0.2051
[val] epoch 3 | task=CycleCheck | exact_match=1.0000 (39/39) | exact_match_str=1.0000 | exact_match_norm=1.0000 | set_f1=1.0000 | hits@1=1.0000 | baseline=0.6923
[val] epoch 3 | task=DisconnectedNodes | exact_match=0.3514 (13/37) | exact_match_str=0.3514 | exact_match_norm=0.4324 | set_f1=0.4324 | hits@1=0.4324 | baseline=0.1892
[val] epoch 3 | task=EdgeCount | exact_match=0.5517 (16/29) | exact_match_str=0.5517 | exact_match_norm=0.5517 | set_f1=0.5517 | hits@1=0.5517 | baseline=0.1034
[val] epoch 3 | task=EdgeExistence | exact_match=1.0000 (28/28) | exact_match_str=1.0000 | exact_match_norm=1.0000 | set_f1=1.0000 | hits@1=1.0000 | baseline=0.5714
[val] epoch 3 | task=MaximumFlow | exact_match=0.2000 (7/35) | exact_match_str=0.2000 | exact_match_norm=0.2000 | set_f1=0.2000 | hits@1=0.2000 | baseline=0.1429
[val] epoch 3 | task=NodeCount | exact_match=1.0000 (37/37) | exact_match_str=1.0000 | exact_match_norm=1.0000 | set_f1=1.0000 | hits@1=1.0000 | baseline=0.1892
[val] epoch 3 | task=NodeDegree | exact_match=0.6905 (29/42) | exact_match_str=0.6905 | exact_match_norm=0.6905 | set_f1=0.6905 | hits@1=0.6905 | baseline=0.3571
[val] epoch 3 | task=Reachability | exact_match=1.0000 (25/25) | exact_match_str=1.0000 | exact_match_norm=1.0000 | set_f1=1.0000 | hits@1=1.0000 | baseline=1.0000
[val] epoch 3 | task=ShortestPath | exact_match=0.7879 (26/33) | exact_match_str=0.7879 | exact_match_norm=0.7879 | set_f1=0.7879 | hits@1=0.7879 | baseline=0.4242
[val] epoch 3 | task=TriangleCounting | exact_match=0.4390 (18/41) | exact_match_str=0.4390 | exact_match_norm=0.4390 | set_f1=0.4390 | hits@1=0.4390 | baseline=0.2683
[val] epoch 3 | task=ALL | exact_match=0.7013 (270/385) | exact_match_str=0.7013 | exact_match_norm=0.7117 | set_f1=0.7117 | hits@1=0.7117
[val] epoch 4 | task=ConnectedNodes | exact_match=0.7949 (31/39) | exact_match_str=0.7949 | exact_match_norm=0.8718 | set_f1=0.8718 | hits@1=0.8718 | baseline=0.2051
[val] epoch 4 | task=CycleCheck | exact_match=1.0000 (39/39) | exact_match_str=1.0000 | exact_match_norm=1.0000 | set_f1=1.0000 | hits@1=1.0000 | baseline=0.6923
[val] epoch 4 | task=DisconnectedNodes | exact_match=0.3784 (14/37) | exact_match_str=0.3784 | exact_match_norm=0.4324 | set_f1=0.4324 | hits@1=0.4324 | baseline=0.1892
[val] epoch 4 | task=EdgeCount | exact_match=0.5862 (17/29) | exact_match_str=0.5862 | exact_match_norm=0.5862 | set_f1=0.5862 | hits@1=0.5862 | baseline=0.1034
[val] epoch 4 | task=EdgeExistence | exact_match=0.9643 (27/28) | exact_match_str=0.9643 | exact_match_norm=0.9643 | set_f1=0.9643 | hits@1=0.9643 | baseline=0.5714
[val] epoch 4 | task=MaximumFlow | exact_match=0.1429 (5/35) | exact_match_str=0.1429 | exact_match_norm=0.1429 | set_f1=0.1429 | hits@1=0.1429 | baseline=0.1429
[val] epoch 4 | task=NodeCount | exact_match=1.0000 (37/37) | exact_match_str=1.0000 | exact_match_norm=1.0000 | set_f1=1.0000 | hits@1=1.0000 | baseline=0.1892
[val] epoch 4 | task=NodeDegree | exact_match=0.6667 (28/42) | exact_match_str=0.6667 | exact_match_norm=0.6667 | set_f1=0.6667 | hits@1=0.6667 | baseline=0.3571
[val] epoch 4 | task=Reachability | exact_match=1.0000 (25/25) | exact_match_str=1.0000 | exact_match_norm=1.0000 | set_f1=1.0000 | hits@1=1.0000 | baseline=1.0000
[val] epoch 4 | task=ShortestPath | exact_match=0.8485 (28/33) | exact_match_str=0.8485 | exact_match_norm=0.8485 | set_f1=0.8485 | hits@1=0.8485 | baseline=0.4242
[val] epoch 4 | task=TriangleCounting | exact_match=0.4878 (20/41) | exact_match_str=0.4878 | exact_match_norm=0.4878 | set_f1=0.4878 | hits@1=0.4878 | baseline=0.2683
[val] epoch 4 | task=ALL | exact_match=0.7039 (271/385) | exact_match_str=0.7039 | exact_match_norm=0.7169 | set_f1=0.7169 | hits@1=0.7169
